## Algorithm
```java
/**
 * https://leetcode-cn.com/problems/longest-valid-parentheses/
 * 32
 * hong.zheng
 * 给定一个只包含 '(' 和 ')' 的字符串，找出最长的包含有效括号的子串的长度。
 *
 * 示例 1:
 *
 * 输入: "(()"
 * 输出: 2
 * 解释: 最长有效括号子串为 "()"
 * 示例 2:
 *
 * 输入: ")()())"
 * 输出: 4
 * 解释: 最长有效括号子串为 "()()"
 *
 * @Date: 2019-06-15 09:58
 **/
public class LongestValidParentheses {
    public static void main(String args[])
    {
        System.out.println(longestValidParentheses("()(()"));
        System.out.println("------------");
        System.out.println(longestValidParentheses(")()())"));
        System.out.println("----------");
        System.out.println(longestValidParentheses("()(())"));

    }

    public static int longestValidParentheses(String s) {
        int longest = 0;
        char[] chars = s.toCharArray();

        boolean [] match = new boolean[s.length()];

        for (int i =1;i<chars.length;i++){
            if(chars[i] == ')')
            {
                int j = i-1;
                //找到前一个为false的字符
                while (j>=0&&match[j]){
                    j--;
                }
                //找到了
                if(j>=0){
                    if(match(chars[j],chars[i])){
                        match[i] = true;
                        match[j] = true;
                    }
                }

            }
        }

        for (int i = 0; i < match.length; i++) {
            System.out.println(match[i]);
        }
        int nowLongest = 0;
        for (int i = 1; i <match.length ; i++) {
            if(match[i-1]&&match[i]){
                nowLongest+=2;
                i++;
            }else {
                nowLongest =0;
            }
            if(nowLongest>longest){
                longest = nowLongest;
            }
        }


        return longest;
    }


    public static boolean match(char pre,char now){
       return pre == '(' && now == ')';
    }


}

```
## Review
[Why Google refunded 200$ because I missed 5 lines of code](https://aswinmohanme.github.io/why-google-refunded-200-because-i-missed-5-lines-of-code.html)
## Tip

## Share
#### GC日志的理解
-XX:+PrintGCDetails
```
[GC (System.gc()) [PSYoungGen: 6093K->528K(38400K)] 6093K->536K(125952K), 0.0013393 secs] [Times: user=0.00 sys=0.00, real=0.00 secs] 
[Full GC (System.gc()) [PSYoungGen: 528K->0K(38400K)] [ParOldGen: 8K->371K(87552K)] 536K->371K(125952K), [Metaspace: 2946K->2946K(1056768K)], 0.0033973 secs] [Times: user=0.02 sys=0.00, real=0.01 secs] 

[GC [Full GC  垃圾收集的担保类型，而不是用来区分新生代GC还是老年代GC。如果有FULL，说明这次GC是发生了Stop-The-World的。新生代收集也可能发生FULLGC（当发生担保失败问题的额时候）
(System.gc()) 调用System.gc()方法触发的gc
PSYoungGen  parallel Scavenge收集器的 年轻代
ParOldGen   parallel Old垃圾收集器的 老年代
[ 6093K->528K(38400K) ]收集前该区域已使用的内存->收集后该区域已使用的内存（总内存）
 []外 的 6093K->536K(125952K) 收集前java heap 已使用的内存->收集后java heap已使用的内存（java heap 总内存）
[Times: user=0.00 sys=0.00, real=0.00 secs] 

Heap
 PSYoungGen      total 38400K, used 998K [0x0000000795580000, 0x0000000798000000, 0x00000007c0000000)
  eden space 33280K, 3% used [0x0000000795580000,0x0000000795679b38,0x0000000797600000)
  from space 5120K, 0% used [0x0000000797600000,0x0000000797600000,0x0000000797b00000)
  to   space 5120K, 0% used [0x0000000797b00000,0x0000000797b00000,0x0000000798000000)
 ParOldGen       total 87552K, used 371K [0x0000000740000000, 0x0000000745580000, 0x0000000795580000)
  object space 87552K, 0% used [0x0000000740000000,0x000000074005cf80,0x0000000745580000)
 Metaspace       used 2958K, capacity 4496K, committed 4864K, reserved 1056768K
  class space    used 327K, capacity 388K, committed 512K, reserved 1048576K

```
